// Jest Snapshot v1, https://goo.gl/fbAQLP

exports[`Smoke test UserForm UserForm Snapshot test 1`] = `undefined`;
