// Jest Snapshot v1, https://goo.gl/fbAQLP

exports[`Test Carousel component Carousel Snapshot test 1`] = `
Object {
  "asFragment": [Function],
  "baseElement": <body>
    <div>
      <div
        class="slick-slider makeStyles-show-37 slick-initialized"
      >
        
        <div
          class="slick-list"
        >
          <div
            class="slick-track"
            style="opacity: 1; transform: translate3d(0px, 0px, 0px);"
          />
        </div>
        
        
      </div>
      <div
        class="makeStyles-productsWrapper-40"
      >
        <div
          class="slick-slider makeStyles-products-39 slick-initialized"
        >
          
          <div
            class="slick-list"
          >
            <div
              class="slick-track"
              style="opacity: 1;"
            />
          </div>
          
          
        </div>
        <div
          class="slick-slider makeStyles-thumbWrapper-35 slick-initialized"
        >
          
          <div
            class="slick-list"
          >
            <div
              class="slick-track"
              style="opacity: 1; transform: translate3d(0px, 0px, 0px); transition: transform 500ms ease;"
            />
          </div>
          
          
        </div>
      </div>
      <h3
        class="makeStyles-relatedTitle-41"
      >
        RELATED ITEMS
      </h3>
      <div
        class="slick-slider makeStyles-related-38 slick-initialized"
      >
        
        <div
          class="slick-list"
        >
          <div
            class="slick-track"
            style="opacity: 1; transform: translate3d(0px, 0px, 0px);"
          />
        </div>
        
        
      </div>
    </div>
  </body>,
  "container": <div>
    <div
      class="slick-slider makeStyles-show-37 slick-initialized"
    >
      
      <div
        class="slick-list"
      >
        <div
          class="slick-track"
          style="opacity: 1; transform: translate3d(0px, 0px, 0px);"
        />
      </div>
      
      
    </div>
    <div
      class="makeStyles-productsWrapper-40"
    >
      <div
        class="slick-slider makeStyles-products-39 slick-initialized"
      >
        
        <div
          class="slick-list"
        >
          <div
            class="slick-track"
            style="opacity: 1;"
          />
        </div>
        
        
      </div>
      <div
        class="slick-slider makeStyles-thumbWrapper-35 slick-initialized"
      >
        
        <div
          class="slick-list"
        >
          <div
            class="slick-track"
            style="opacity: 1; transform: translate3d(0px, 0px, 0px); transition: transform 500ms ease;"
          />
        </div>
        
        
      </div>
    </div>
    <h3
      class="makeStyles-relatedTitle-41"
    >
      RELATED ITEMS
    </h3>
    <div
      class="slick-slider makeStyles-related-38 slick-initialized"
    >
      
      <div
        class="slick-list"
      >
        <div
          class="slick-track"
          style="opacity: 1; transform: translate3d(0px, 0px, 0px);"
        />
      </div>
      
      
    </div>
  </div>,
  "debug": [Function],
  "findAllByAltText": [Function],
  "findAllByDisplayValue": [Function],
  "findAllByLabelText": [Function],
  "findAllByPlaceholderText": [Function],
  "findAllByRole": [Function],
  "findAllByTestId": [Function],
  "findAllByText": [Function],
  "findAllByTitle": [Function],
  "findByAltText": [Function],
  "findByDisplayValue": [Function],
  "findByLabelText": [Function],
  "findByPlaceholderText": [Function],
  "findByRole": [Function],
  "findByTestId": [Function],
  "findByText": [Function],
  "findByTitle": [Function],
  "getAllByAltText": [Function],
  "getAllByDisplayValue": [Function],
  "getAllByLabelText": [Function],
  "getAllByPlaceholderText": [Function],
  "getAllByRole": [Function],
  "getAllByTestId": [Function],
  "getAllByText": [Function],
  "getAllByTitle": [Function],
  "getByAltText": [Function],
  "getByDisplayValue": [Function],
  "getByLabelText": [Function],
  "getByPlaceholderText": [Function],
  "getByRole": [Function],
  "getByTestId": [Function],
  "getByText": [Function],
  "getByTitle": [Function],
  "queryAllByAltText": [Function],
  "queryAllByDisplayValue": [Function],
  "queryAllByLabelText": [Function],
  "queryAllByPlaceholderText": [Function],
  "queryAllByRole": [Function],
  "queryAllByTestId": [Function],
  "queryAllByText": [Function],
  "queryAllByTitle": [Function],
  "queryByAltText": [Function],
  "queryByDisplayValue": [Function],
  "queryByLabelText": [Function],
  "queryByPlaceholderText": [Function],
  "queryByRole": [Function],
  "queryByTestId": [Function],
  "queryByText": [Function],
  "queryByTitle": [Function],
  "rerender": [Function],
  "unmount": [Function],
}
`;
