// Jest Snapshot v1, https://goo.gl/fbAQLP

exports[`Smoke test SubscribeForm SubscribeForm Snapshot test 1`] = `undefined`;
