// Jest Snapshot v1, https://goo.gl/fbAQLP

exports[`Smoke test SignInForm SignInForm Snapshot test 1`] = `undefined`;
