// Jest Snapshot v1, https://goo.gl/fbAQLP

exports[`Smoke test LoginFrom LoginForm Snapshot test 1`] = `undefined`;
